// Jest Snapshot v1, https://goo.gl/fbAQLP

exports[`Pruebas en el componente <GifGrid/> Debe coincidir con el snapshot 1`] = `
<Fragment>
  <h3>
    Music
  </h3>
  <p>
    Loading
  </p>
  <div
    className="card-grid animate__animated animate__flash"
  />
</Fragment>
`;
